{"level":"info","message":"发现59个通知来源。","plugin":"cli","timestamp":"2026-08-24T11:34:58.427Z"}
{"hook":"fetch_each.before","level":"debug","message":"开始获取“睿信”。","plugin":"cli","timestamp":"2026-08-24T11:34:58.430Z"}
{"hook":"fetch_each.before","level":"debug","message":"开始获取“求是”。","plugin":"cli","timestamp":"2026-08-24T11:34:58.430Z"}
{"hook":"fetch_each.before","level":"debug","message":"开始获取“精工”。","plugin":"cli","timestamp":"2026-08-24T11:34:58.430Z"}
{"hook":"fetch_each.before","level":"debug","message":"开始获取“明德”。","plugin":"cli","timestamp":"2026-08-24T11:34:58.430Z"}
{"hook":"fetch_each.before","level":"debug","message":"开始获取“管理”。","plugin":"cli","timestamp":"2026-08-24T11:34:58.430Z"}
{"hook":"fetch_each.before","level":"debug","message":"开始获取“经济”。","plugin":"cli","timestamp":"2026-08-24T11:34:58.430Z"}
{"hook":"fetch_each.before","level":"debug","message":"开始获取“设艺”。","plugin":"cli","timestamp":"2026-08-24T11:34:58.430Z"}
{"hook":"fetch_each.before","level":"debug","message":"开始获取“特立”。","plugin":"cli","timestamp":"2026-08-24T11:34:58.431Z"}
{"hook":"fetch_each.before","level":"debug","message":"开始获取“北京书院”。","plugin":"cli","timestamp":"2026-08-24T11:34:58.431Z"}
{"hook":"fetch_each.before","level":"debug","message":"开始获取“留学生”。","plugin":"cli","timestamp":"2026-08-24T11:34:58.431Z"}
{"hook":"fetch_each.before","level":"debug","message":"开始获取“马克思”。","plugin":"cli","timestamp":"2026-08-24T11:34:58.431Z"}
{"hook":"fetch_each.before","level":"debug","message":"开始获取“研究生”。","plugin":"cli","timestamp":"2026-08-24T11:34:58.431Z"}
{"hook":"fetch_each.before","level":"debug","message":"开始获取“珠海研院”。","plugin":"cli","timestamp":"2026-08-24T11:34:58.431Z"}
{"hook":"fetch_each.before","level":"debug","message":"开始获取“通用”。","plugin":"cli","timestamp":"2026-08-24T11:34:58.431Z"}
{"hook":"fetch_each.before","level":"debug","message":"开始获取“教务部”。","plugin":"cli","timestamp":"2026-08-24T11:34:58.431Z"}
{"hook":"fetch_each.before","level":"debug","message":"开始获取“教学中心”。","plugin":"cli","timestamp":"2026-08-24T11:34:58.431Z"}
{"hook":"fetch_each.before","level":"debug","message":"开始获取“学工部等”。","plugin":"cli","timestamp":"2026-08-24T11:34:58.431Z"}
{"hook":"fetch_each.before","level":"debug","message":"开始获取“学工部等（旧）”。","plugin":"cli","timestamp":"2026-08-24T11:34:58.431Z"}
{"hook":"fetch_each.before","level":"debug","message":"开始获取“计算机”。","plugin":"cli","timestamp":"2026-08-24T11:34:58.431Z"}
{"hook":"fetch_each.before","level":"debug","message":"开始获取“学生服务”。","plugin":"cli","timestamp":"2026-08-24T11:34:58.431Z"}
{"hook":"fetch_each.before","level":"debug","message":"开始获取“大创（旧）”。","plugin":"cli","timestamp":"2026-08-24T11:34:58.431Z"}
{"hook":"fetch_each.before","level":"debug","message":"开始获取“大创”。","plugin":"cli","timestamp":"2026-08-24T11:34:58.431Z"}
{"hook":"fetch_each.before","level":"debug","message":"开始获取“资助公示”。","plugin":"cli","timestamp":"2026-08-24T11:34:58.431Z"}
{"hook":"fetch_each.before","level":"debug","message":"开始获取“光电”。","plugin":"cli","timestamp":"2026-08-24T11:34:58.431Z"}
{"hook":"fetch_each.before","level":"debug","message":"开始获取“网信”。","plugin":"cli","timestamp":"2026-08-24T11:34:58.431Z"}
{"hook":"fetch_each.before","level":"debug","message":"开始获取“智能”。","plugin":"cli","timestamp":"2026-08-24T11:34:58.431Z"}
{"hook":"fetch_each.before","level":"debug","message":"开始获取“人事”。","plugin":"cli","timestamp":"2026-08-24T11:34:58.431Z"}
{"hook":"fetch_each.before","level":"debug","message":"开始获取“公开数据”。","plugin":"cli","timestamp":"2026-08-24T11:34:58.431Z"}
{"hook":"fetch_each.before","level":"debug","message":"开始获取“公开通知”。","plugin":"cli","timestamp":"2026-08-24T11:34:58.431Z"}
{"hook":"fetch_each.before","level":"debug","message":"开始获取“校医院”。","plugin":"cli","timestamp":"2026-08-24T11:34:58.431Z"}
{"hook":"fetch_each.before","level":"debug","message":"开始获取“国际交流”。","plugin":"cli","timestamp":"2026-08-24T11:34:58.431Z"}
{"hook":"fetch_each.before","level":"debug","message":"开始获取“新生”。","plugin":"cli","timestamp":"2026-08-24T11:34:58.431Z"}
{"hook":"fetch_each.before","level":"debug","message":"开始获取“信电”。","plugin":"cli","timestamp":"2026-08-24T11:34:58.431Z"}
{"hook":"fetch_each.before","level":"debug","message":"开始获取“网安”。","plugin":"cli","timestamp":"2026-08-24T11:34:58.431Z"}
{"hook":"fetch_each.before","level":"debug","message":"开始获取“集电”。","plugin":"cli","timestamp":"2026-08-24T11:34:58.431Z"}
{"hook":"fetch_each.before","level":"debug","message":"开始获取“机车”。","plugin":"cli","timestamp":"2026-08-24T11:34:58.431Z"}
{"hook":"fetch_each.before","level":"debug","message":"开始获取“数学”。","plugin":"cli","timestamp":"2026-08-24T11:34:58.431Z"}
{"hook":"fetch_each.before","level":"debug","message":"开始获取“物理”。","plugin":"cli","timestamp":"2026-08-24T11:34:58.431Z"}
{"hook":"fetch_each.before","level":"debug","message":"开始获取“机电”。","plugin":"cli","timestamp":"2026-08-24T11:34:58.431Z"}
{"hook":"fetch_each.before","level":"debug","message":"开始获取“生命”。","plugin":"cli","timestamp":"2026-08-24T11:34:58.431Z"}
{"hook":"fetch_each.before","level":"debug","message":"开始获取“空天”。","plugin":"cli","timestamp":"2026-08-24T11:34:58.431Z"}
{"hook":"fetch_each.before","level":"debug","message":"开始获取“医学”。","plugin":"cli","timestamp":"2026-08-24T11:34:58.431Z"}
{"hook":"fetch_each.before","level":"debug","message":"开始获取“自动化”。","plugin":"cli","timestamp":"2026-08-24T11:34:58.431Z"}
{"hook":"fetch_each.before","level":"debug","message":"开始获取“教育”。","plugin":"cli","timestamp":"2026-08-24T11:34:58.431Z"}
{"hook":"fetch_each.before","level":"debug","message":"开始获取“人文素质”。","plugin":"cli","timestamp":"2026-08-24T11:34:58.431Z"}
{"hook":"fetch_each.before","level":"debug","message":"开始获取“课程”。","plugin":"cli","timestamp":"2026-08-24T11:34:58.431Z"}
{"hook":"fetch_each.before","level":"debug","message":"开始获取“国际组织”。","plugin":"cli","timestamp":"2026-08-24T11:34:58.431Z"}
{"hook":"fetch_each.before","level":"debug","message":"开始获取“法学·学生”。","plugin":"cli","timestamp":"2026-08-24T11:34:58.431Z"}
{"hook":"fetch_each.before","level":"debug","message":"开始获取“法学”。","plugin":"cli","timestamp":"2026-08-24T11:34:58.432Z"}
{"hook":"fetch_each.before","level":"debug","message":"开始获取“材料”。","plugin":"cli","timestamp":"2026-08-24T11:34:58.432Z"}
{"hook":"fetch_each.before","level":"debug","message":"开始获取“外国语”。","plugin":"cli","timestamp":"2026-08-24T11:34:58.432Z"}
{"hook":"fetch_each.before","level":"debug","message":"开始获取“化学”。","plugin":"cli","timestamp":"2026-08-24T11:34:58.432Z"}
{"hook":"fetch_each.before","level":"debug","message":"开始获取“招采”。","plugin":"cli","timestamp":"2026-08-24T11:34:58.432Z"}
{"hook":"fetch_each.before","level":"debug","message":"开始获取“资实”。","plugin":"cli","timestamp":"2026-08-24T11:34:58.432Z"}
{"hook":"fetch_each.before","level":"debug","message":"开始获取“党政部”。","plugin":"cli","timestamp":"2026-08-24T11:34:58.432Z"}
{"hook":"fetch_each.before","level":"debug","message":"开始获取“数学实验”。","plugin":"cli","timestamp":"2026-08-24T11:34:58.432Z"}
{"hook":"fetch_each.before","level":"debug","message":"开始获取“图书馆”。","plugin":"cli","timestamp":"2026-08-24T11:34:58.432Z"}
{"hook":"fetch_each.before","level":"debug","message":"开始获取“图书馆讲座”。","plugin":"cli","timestamp":"2026-08-24T11:34:58.432Z"}
{"hook":"fetch_each.before","level":"debug","message":"开始获取“延河”。","plugin":"cli","timestamp":"2026-08-24T11:34:58.432Z"}
{"hook":"fetch_each.after","level":"debug","message":"结束获取“珠海研院”。","plugin":"cli","timestamp":"2026-08-24T11:34:59.558Z"}
{"hook":"fetch_each.after","level":"debug","message":"结束获取“信电”。","plugin":"cli","timestamp":"2026-08-24T11:34:59.734Z"}
{"level":"warn","message":"未从“资助公示”获取到任何通知。将忽略。","plugin":"cli","timestamp":"2026-08-24T11:35:00.059Z"}
{"hook":"fetch_each.after","level":"debug","message":"结束获取“资助公示”。","plugin":"cli","timestamp":"2026-08-24T11:35:00.060Z"}
{"hook":"fetch_each.error","level":"error","message":"TypeError: fetch failed","plugin":"cli","timestamp":"2026-08-24T11:35:00.182Z"}
{"hook":"fetch_each.after","level":"debug","message":"结束获取“党政部”。","plugin":"cli","timestamp":"2026-08-24T11:35:00.182Z"}
{"hook":"fetch_each.after","level":"debug","message":"结束获取“光电”。","plugin":"cli","timestamp":"2026-08-24T11:35:00.220Z"}
{"hook":"fetch_each.after","level":"debug","message":"结束获取“学生服务”。","plugin":"cli","timestamp":"2026-08-24T11:35:00.231Z"}
{"hook":"fetch_each.after","level":"debug","message":"结束获取“北京书院”。","plugin":"cli","timestamp":"2026-08-24T11:35:00.251Z"}
{"hook":"fetch_each.after","level":"debug","message":"结束获取“经济”。","plugin":"cli","timestamp":"2026-08-24T11:35:00.411Z"}
{"hook":"fetch_each.after","level":"debug","message":"结束获取“集电”。","plugin":"cli","timestamp":"2026-08-24T11:35:00.429Z"}
{"hook":"fetch_each.after","level":"debug","message":"结束获取“数学”。","plugin":"cli","timestamp":"2026-08-24T11:35:00.440Z"}
{"hook":"fetch_each.after","level":"debug","message":"结束获取“机车”。","plugin":"cli","timestamp":"2026-08-24T11:35:00.440Z"}
{"hook":"fetch_each.after","level":"debug","message":"结束获取“空天”。","plugin":"cli","timestamp":"2026-08-24T11:35:00.603Z"}
{"hook":"fetch_each.after","level":"debug","message":"结束获取“自动化”。","plugin":"cli","timestamp":"2026-08-24T11:35:00.614Z"}
{"hook":"fetch_each.after","level":"debug","message":"结束获取“机电”。","plugin":"cli","timestamp":"2026-08-24T11:35:00.619Z"}
{"hook":"fetch_each.after","level":"debug","message":"结束获取“生命”。","plugin":"cli","timestamp":"2026-08-24T11:35:00.623Z"}
{"hook":"fetch_each.after","level":"debug","message":"结束获取“国际组织”。","plugin":"cli","timestamp":"2026-08-24T11:35:00.627Z"}
{"hook":"fetch_each.after","level":"debug","message":"结束获取“网安”。","plugin":"cli","timestamp":"2026-08-24T11:35:00.655Z"}
{"hook":"fetch_each.after","level":"debug","message":"结束获取“医学”。","plugin":"cli","timestamp":"2026-08-24T11:35:00.661Z"}
{"hook":"fetch_each.after","level":"debug","message":"结束获取“招采”。","plugin":"cli","timestamp":"2026-08-24T11:35:00.731Z"}
{"hook":"fetch_each.after","level":"debug","message":"结束获取“精工”。","plugin":"cli","timestamp":"2026-08-24T11:35:00.757Z"}
{"hook":"fetch_each.error","level":"error","message":"TypeError: fetch failed","plugin":"cli","timestamp":"2026-08-24T11:35:00.762Z"}
{"hook":"fetch_each.after","level":"debug","message":"结束获取“数学实验”。","plugin":"cli","timestamp":"2026-08-24T11:35:00.763Z"}
{"hook":"fetch_each.after","level":"debug","message":"结束获取“教育”。","plugin":"cli","timestamp":"2026-08-24T11:35:00.782Z"}
{"hook":"fetch_each.after","level":"debug","message":"结束获取“法学”。","plugin":"cli","timestamp":"2026-08-24T11:35:00.807Z"}
{"hook":"fetch_each.after","level":"debug","message":"结束获取“法学·学生”。","plugin":"cli","timestamp":"2026-08-24T11:35:00.815Z"}
{"hook":"fetch_each.after","level":"debug","message":"结束获取“求是”。","plugin":"cli","timestamp":"2026-08-24T11:35:00.823Z"}
{"hook":"fetch_each.after","level":"debug","message":"结束获取“睿信”。","plugin":"cli","timestamp":"2026-08-24T11:35:00.837Z"}
{"hook":"fetch_each.after","level":"debug","message":"结束获取“材料”。","plugin":"cli","timestamp":"2026-08-24T11:35:00.852Z"}
{"hook":"fetch_each.after","level":"debug","message":"结束获取“化学”。","plugin":"cli","timestamp":"2026-08-24T11:35:00.871Z"}
{"hook":"fetch_each.after","level":"debug","message":"结束获取“资实”。","plugin":"cli","timestamp":"2026-08-24T11:35:00.890Z"}
{"hook":"fetch_each.after","level":"debug","message":"结束获取“图书馆讲座”。","plugin":"cli","timestamp":"2026-08-24T11:35:00.904Z"}
{"hook":"fetch_each.after","level":"debug","message":"结束获取“图书馆”。","plugin":"cli","timestamp":"2026-08-24T11:35:00.921Z"}
{"hook":"fetch_each.after","level":"debug","message":"结束获取“大创”。","plugin":"cli","timestamp":"2026-08-24T11:35:00.962Z"}
{"hook":"fetch_each.after","level":"debug","message":"结束获取“延河”。","plugin":"cli","timestamp":"2026-08-24T11:35:01.015Z"}
{"hook":"fetch_each.after","level":"debug","message":"结束获取“通用”。","plugin":"cli","timestamp":"2026-08-24T11:35:01.029Z"}
{"hook":"fetch_each.after","level":"debug","message":"结束获取“物理”。","plugin":"cli","timestamp":"2026-08-24T11:35:01.184Z"}
{"hook":"fetch_each.after","level":"debug","message":"结束获取“特立”。","plugin":"cli","timestamp":"2026-08-24T11:35:01.232Z"}
{"hook":"fetch_each.after","level":"debug","message":"结束获取“公开数据”。","plugin":"cli","timestamp":"2026-08-24T11:35:01.584Z"}
{"hook":"fetch_each.after","level":"debug","message":"结束获取“公开通知”。","plugin":"cli","timestamp":"2026-08-24T11:35:01.589Z"}
{"hook":"fetch_each.after","level":"debug","message":"结束获取“学工部等”。","plugin":"cli","timestamp":"2026-08-24T11:35:01.643Z"}
{"hook":"fetch_each.error","level":"error","message":"TypeError: fetch failed","plugin":"cli","timestamp":"2026-08-24T11:35:02.197Z"}
{"hook":"fetch_each.after","level":"debug","message":"结束获取“学工部等（旧）”。","plugin":"cli","timestamp":"2026-08-24T11:35:02.198Z"}
{"hook":"fetch_each.after","level":"debug","message":"结束获取“校医院”。","plugin":"cli","timestamp":"2026-08-24T11:35:02.239Z"}
{"hook":"fetch_each.after","level":"debug","message":"结束获取“教学中心”。","plugin":"cli","timestamp":"2026-08-24T11:35:02.283Z"}
{"hook":"fetch_each.after","level":"debug","message":"结束获取“研究生”。","plugin":"cli","timestamp":"2026-08-24T11:35:02.289Z"}
{"hook":"fetch_each.error","level":"error","message":"TypeError: fetch failed","plugin":"cli","timestamp":"2026-08-24T11:35:02.327Z"}
{"hook":"fetch_each.after","level":"debug","message":"结束获取“人文素质”。","plugin":"cli","timestamp":"2026-08-24T11:35:02.327Z"}
{"hook":"fetch_each.after","level":"debug","message":"结束获取“网信”。","plugin":"cli","timestamp":"2026-08-24T11:35:02.361Z"}
{"hook":"fetch_each.after","level":"debug","message":"结束获取“计算机”。","plugin":"cli","timestamp":"2026-08-24T11:35:02.394Z"}
{"hook":"fetch_each.after","level":"debug","message":"结束获取“留学生”。","plugin":"cli","timestamp":"2026-08-24T11:35:02.400Z"}
{"hook":"fetch_each.after","level":"debug","message":"结束获取“课程”。","plugin":"cli","timestamp":"2026-08-24T11:35:02.438Z"}
{"hook":"fetch_each.after","level":"debug","message":"结束获取“教务部”。","plugin":"cli","timestamp":"2026-08-24T11:35:02.833Z"}
{"level":"warn","message":"未从“马克思”获取到任何通知。将忽略。","plugin":"cli","timestamp":"2026-08-24T11:35:02.861Z"}
{"hook":"fetch_each.after","level":"debug","message":"结束获取“马克思”。","plugin":"cli","timestamp":"2026-08-24T11:35:02.861Z"}
{"hook":"fetch_each.after","level":"debug","message":"结束获取“人事”。","plugin":"cli","timestamp":"2026-08-24T11:35:02.971Z"}
{"hook":"fetch_each.after","level":"debug","message":"结束获取“新生”。","plugin":"cli","timestamp":"2026-08-24T11:35:02.974Z"}
{"hook":"fetch_each.after","level":"debug","message":"结束获取“管理”。","plugin":"cli","timestamp":"2026-08-24T11:35:03.007Z"}
{"hook":"fetch_each.after","level":"debug","message":"结束获取“智能”。","plugin":"cli","timestamp":"2026-08-24T11:35:03.092Z"}
{"hook":"fetch_each.after","level":"debug","message":"结束获取“外国语”。","plugin":"cli","timestamp":"2026-08-24T11:35:03.137Z"}
{"hook":"fetch_each.after","level":"debug","message":"结束获取“国际交流”。","plugin":"cli","timestamp":"2026-08-24T11:35:03.399Z"}
{"hook":"fetch_each.after","level":"debug","message":"结束获取“设艺”。","plugin":"cli","timestamp":"2026-08-24T11:35:04.225Z"}
{"hook":"fetch_each.after","level":"debug","message":"结束获取“明德”。","plugin":"cli","timestamp":"2026-08-24T11:35:04.237Z"}
{"level":"http","message":"Time is out when requesting “http://cxcy.bit.edu.cn/pt/pt/Notice”. Retry later.","plugin":"retry","timestamp":"2026-08-24T11:35:08.445Z"}
{"level":"http","message":"Retry “http://cxcy.bit.edu.cn/pt/pt/Notice”.","plugin":"retry","timestamp":"2026-08-24T11:35:18.446Z"}
{"level":"error","message":"访问“大创（旧）”（Timeout）超时，可能因为访问太频繁。将忽略。","plugin":"cli","timestamp":"2026-08-24T11:35:28.449Z"}
{"hook":"fetch_each.after","level":"debug","message":"结束获取“大创（旧）”。","plugin":"cli","timestamp":"2026-08-24T11:35:28.449Z"}
{"level":"warn","message":"未找到以往通知，您可能是第一次运行。将忽略。","timestamp":"2026-08-24T11:35:28.450Z"}
{"level":"info","message":"已按需保存到“output/notices.json”。","plugin":"cli","timestamp":"2026-08-24T11:35:28.453Z"}
{"level":"info","message":"已保存到“output/feed.rss”。","plugin":"rss","timestamp":"2026-08-24T11:35:28.455Z"}
{"level":"info","message":"已发送到 i 北理。","plugin":"ding","timestamp":"2026-08-24T11:35:29.420Z"}
